Dec 15, 2024 6:36:10 PM game.pacmanGames.map.MapsInitializer initializeMultiplayerMaps
INFO: Multiplayer map 1 initialized successfully.
Dec 15, 2024 6:36:10 PM game.pacmanGames.map.MapsInitializer initializeMultiplayerMaps
INFO: Multiplayer map 2 initialized successfully.
Dec 15, 2024 6:36:10 PM game.pacmanGames.map.MapsInitializer initializeMultiplayerMaps
INFO: Multiplayer map 3 initialized successfully.
Dec 15, 2024 6:40:26 PM game.pacmanGames.map.MapsInitializer initializeMultiplayerMaps
INFO: Multiplayer map 1 initialized successfully.
Dec 15, 2024 6:40:26 PM game.pacmanGames.map.MapsInitializer initializeMultiplayerMaps
INFO: Multiplayer map 2 initialized successfully.
Dec 15, 2024 6:40:26 PM game.pacmanGames.map.MapsInitializer initializeMultiplayerMaps
INFO: Multiplayer map 3 initialized successfully.
Dec 21, 2024 4:49:35 PM game.pacmanGames.map.MapsInitializer initializeSinglePlayerMaps
INFO: Single player map 1 initialized successfully.
Dec 21, 2024 4:49:35 PM game.pacmanGames.map.MapsInitializer initializeSinglePlayerMaps
INFO: Single player map 2 initialized successfully.
Dec 21, 2024 4:49:35 PM game.pacmanGames.map.MapsInitializer initializeSinglePlayerMaps
INFO: Single player map 3 initialized successfully.
Dec 21, 2024 5:45:10 PM game.pacmanGames.map.MapsInitializer initializeMultiplayerMaps
INFO: Multiplayer map 1 initialized successfully.
Dec 21, 2024 5:45:10 PM game.pacmanGames.map.MapsInitializer initializeMultiplayerMaps
INFO: Multiplayer map 2 initialized successfully.
Dec 21, 2024 5:45:10 PM game.pacmanGames.map.MapsInitializer initializeMultiplayerMaps
INFO: Multiplayer map 3 initialized successfully.
Dec 21, 2024 6:36:54 PM game.pacmanGames.map.MapsInitializer initializeSinglePlayerMaps
INFO: Single player map 1 initialized successfully.
Dec 21, 2024 6:36:54 PM game.pacmanGames.map.MapsInitializer initializeSinglePlayerMaps
INFO: Single player map 2 initialized successfully.
Dec 21, 2024 6:36:54 PM game.pacmanGames.map.MapsInitializer initializeSinglePlayerMaps
INFO: Single player map 3 initialized successfully.
Dec 21, 2024 7:37:15 PM game.pacmanGames.map.MapsInitializer initializeSinglePlayerMaps
INFO: Single player map 1 initialized successfully.
Dec 21, 2024 7:37:15 PM game.pacmanGames.map.MapsInitializer initializeSinglePlayerMaps
INFO: Single player map 2 initialized successfully.
Dec 21, 2024 7:37:15 PM game.pacmanGames.map.MapsInitializer initializeSinglePlayerMaps
INFO: Single player map 3 initialized successfully.
Dec 23, 2024 8:30:12 AM game.pacmanGames.map.MapsInitializer initializeSinglePlayerMaps
INFO: Single player map 1 initialized successfully.
Dec 23, 2024 8:30:12 AM game.pacmanGames.map.MapsInitializer initializeSinglePlayerMaps
INFO: Single player map 2 initialized successfully.
Dec 23, 2024 8:30:12 AM game.pacmanGames.map.MapsInitializer initializeSinglePlayerMaps
INFO: Single player map 3 initialized successfully.
Dec 23, 2024 11:10:47 AM game.pacmanGames.map.MapsInitializer initializeMultiplayerMaps
INFO: Multiplayer map 1 initialized successfully.
Dec 23, 2024 11:10:47 AM game.pacmanGames.map.MapsInitializer initializeMultiplayerMaps
INFO: Multiplayer map 2 initialized successfully.
Dec 23, 2024 11:10:47 AM game.pacmanGames.map.MapsInitializer initializeMultiplayerMaps
INFO: Multiplayer map 3 initialized successfully.
