Dec 21, 2024 4:49:35 PM game.gameRunner.SinglePlayerRunner.SinglePlayerRunner <init>
INFO: Launching Single game.Player Pac-Man game...
Dec 21, 2024 4:49:35 PM game.gameRunner.SinglePlayerRunner.SinglePlayerRunner launchSinglePlayerGame
INFO: Initializing game frame...
Dec 21, 2024 4:49:35 PM game.gameRunner.SinglePlayerRunner.SinglePlayerRunner initializeGameFrame
INFO: Game frame initialized with size: 608x672
Dec 21, 2024 4:49:35 PM game.gameRunner.SinglePlayerRunner.SinglePlayerRunner launchSinglePlayerGame
INFO: Setting up game controller and game...
Dec 21, 2024 4:49:35 PM game.gameRunner.SinglePlayerRunner.SinglePlayerRunner launchSinglePlayerGame
INFO: Game initialization complete.
Dec 21, 2024 4:49:35 PM game.gameRunner.SinglePlayerRunner.SinglePlayerRunner launchSinglePlayerGame
INFO: Game window is now visible. Starting the game loop...
Dec 21, 2024 6:36:54 PM game.gameRunner.SinglePlayerRunner.SinglePlayerRunner <init>
INFO: Launching Single game.Player Pac-Man game...
Dec 21, 2024 6:36:54 PM game.gameRunner.SinglePlayerRunner.SinglePlayerRunner launchSinglePlayerGame
INFO: Initializing game frame...
Dec 21, 2024 6:36:54 PM game.gameRunner.SinglePlayerRunner.SinglePlayerRunner initializeGameFrame
INFO: Game frame initialized with size: 608x672
Dec 21, 2024 6:36:54 PM game.gameRunner.SinglePlayerRunner.SinglePlayerRunner launchSinglePlayerGame
INFO: Setting up game controller and game...
Dec 21, 2024 6:36:54 PM game.gameRunner.SinglePlayerRunner.SinglePlayerRunner launchSinglePlayerGame
INFO: Game initialization complete.
Dec 21, 2024 6:36:54 PM game.gameRunner.SinglePlayerRunner.SinglePlayerRunner launchSinglePlayerGame
INFO: Game window is now visible. Starting the game loop...
Dec 21, 2024 7:37:15 PM game.gameRunner.SinglePlayerRunner.SinglePlayerRunner <init>
INFO: Launching Single game.Player Pac-Man game...
Dec 21, 2024 7:37:15 PM game.gameRunner.SinglePlayerRunner.SinglePlayerRunner launchSinglePlayerGame
INFO: Initializing game frame...
Dec 21, 2024 7:37:15 PM game.gameRunner.SinglePlayerRunner.SinglePlayerRunner initializeGameFrame
INFO: Game frame initialized with size: 608x672
Dec 21, 2024 7:37:15 PM game.gameRunner.SinglePlayerRunner.SinglePlayerRunner launchSinglePlayerGame
INFO: Setting up game controller and game...
Dec 21, 2024 7:37:15 PM game.gameRunner.SinglePlayerRunner.SinglePlayerRunner launchSinglePlayerGame
INFO: Game initialization complete.
Dec 21, 2024 7:37:15 PM game.gameRunner.SinglePlayerRunner.SinglePlayerRunner launchSinglePlayerGame
INFO: Game window is now visible. Starting the game loop...
Dec 23, 2024 8:30:12 AM game.gameRunner.SinglePlayerRunner.SinglePlayerRunner <init>
INFO: Launching Single game.Player Pac-Man game...
Dec 23, 2024 8:30:12 AM game.gameRunner.SinglePlayerRunner.SinglePlayerRunner launchSinglePlayerGame
INFO: Initializing game frame...
Dec 23, 2024 8:30:12 AM game.gameRunner.SinglePlayerRunner.SinglePlayerRunner initializeGameFrame
INFO: Game frame initialized with size: 608x672
Dec 23, 2024 8:30:12 AM game.gameRunner.SinglePlayerRunner.SinglePlayerRunner launchSinglePlayerGame
INFO: Setting up game controller and game...
Dec 23, 2024 8:30:12 AM game.gameRunner.SinglePlayerRunner.SinglePlayerRunner launchSinglePlayerGame
INFO: Game initialization complete.
Dec 23, 2024 8:30:12 AM game.gameRunner.SinglePlayerRunner.SinglePlayerRunner launchSinglePlayerGame
INFO: Game window is now visible. Starting the game loop...
