Dec 15, 2024 6:36:09 PM MultiPlayerRunner.MultiPlayerRunner <init>
INFO: Launching Multi Player Pac-Man game...
Dec 15, 2024 6:36:09 PM MultiPlayerRunner.MultiPlayerRunner launchMultiPlayerGame
INFO: Initializing game frame...
Dec 15, 2024 6:36:10 PM MultiPlayerRunner.MultiPlayerRunner initializeGameFrame
INFO: Game frame initialized with size: 608x352
Dec 15, 2024 6:36:10 PM MultiPlayerRunner.MultiPlayerRunner launchMultiPlayerGame
INFO: Setting up game controller and game...
Dec 15, 2024 6:36:10 PM MultiPlayerRunner.MultiPlayerRunner launchMultiPlayerGame
INFO: Game initialization complete.
Dec 15, 2024 6:36:10 PM MultiPlayerRunner.MultiPlayerRunner launchMultiPlayerGame
INFO: Game window is now visible. Starting the game loop...
Dec 15, 2024 6:40:26 PM MultiPlayerRunner.MultiPlayerRunner <init>
INFO: Launching Multi Player Pac-Man game...
Dec 15, 2024 6:40:26 PM MultiPlayerRunner.MultiPlayerRunner launchMultiPlayerGame
INFO: Initializing game frame...
Dec 15, 2024 6:40:26 PM MultiPlayerRunner.MultiPlayerRunner initializeGameFrame
INFO: Game frame initialized with size: 608x352
Dec 15, 2024 6:40:26 PM MultiPlayerRunner.MultiPlayerRunner launchMultiPlayerGame
INFO: Setting up game controller and game...
Dec 15, 2024 6:40:26 PM MultiPlayerRunner.MultiPlayerRunner launchMultiPlayerGame
INFO: Game initialization complete.
Dec 15, 2024 6:40:27 PM MultiPlayerRunner.MultiPlayerRunner launchMultiPlayerGame
INFO: Game window is now visible. Starting the game loop...
