Dec 23, 2024 10:58:28 AM game.gameRunner.SinglePlayerRunner.SinglePlayerRunner <init>
INFO: Launching Single game.Player Pac-Man game...
Dec 23, 2024 10:58:28 AM game.gameRunner.SinglePlayerRunner.SinglePlayerRunner launchSinglePlayerGame
INFO: Initializing game frame...
Dec 23, 2024 10:58:28 AM game.gameRunner.SinglePlayerRunner.SinglePlayerRunner initializeGameFrame
INFO: Game frame initialized with size: 608x672
Dec 23, 2024 10:58:28 AM game.gameRunner.SinglePlayerRunner.SinglePlayerRunner launchSinglePlayerGame
INFO: Setting up game controller and game...
Dec 23, 2024 10:58:29 AM game.gameRunner.SinglePlayerRunner.SinglePlayerRunner launchSinglePlayerGame
INFO: Game initialization complete.
Dec 23, 2024 10:58:29 AM game.gameRunner.SinglePlayerRunner.SinglePlayerRunner launchSinglePlayerGame
INFO: Game window is now visible. Starting the game loop...
Dec 23, 2024 6:49:36 PM game.gameRunner.SinglePlayerRunner.SinglePlayerRunner <init>
INFO: Launching Single game.Player Pac-Man game...
Dec 23, 2024 6:49:36 PM game.gameRunner.SinglePlayerRunner.SinglePlayerRunner launchSinglePlayerGame
INFO: Initializing game frame...
Dec 23, 2024 6:49:36 PM game.gameRunner.SinglePlayerRunner.SinglePlayerRunner initializeGameFrame
INFO: Game frame initialized with size: 608x672
Dec 23, 2024 6:49:36 PM game.gameRunner.SinglePlayerRunner.SinglePlayerRunner launchSinglePlayerGame
INFO: Setting up game controller and game...
Dec 23, 2024 6:49:37 PM game.gameRunner.SinglePlayerRunner.SinglePlayerRunner launchSinglePlayerGame
INFO: Game initialization complete.
Dec 23, 2024 6:49:37 PM game.gameRunner.SinglePlayerRunner.SinglePlayerRunner launchSinglePlayerGame
INFO: Game window is now visible. Starting the game loop...
Dec 24, 2024 4:16:56 PM game.gameRunner.SinglePlayerRunner.SinglePlayerRunner <init>
INFO: Launching Single game.Player Pac-Man game...
Dec 24, 2024 4:16:56 PM game.gameRunner.SinglePlayerRunner.SinglePlayerRunner launchSinglePlayerGame
INFO: Initializing game frame...
Dec 24, 2024 4:16:56 PM game.gameRunner.SinglePlayerRunner.SinglePlayerRunner initializeGameFrame
INFO: Game frame initialized with size: 608x672
Dec 24, 2024 4:16:56 PM game.gameRunner.SinglePlayerRunner.SinglePlayerRunner launchSinglePlayerGame
INFO: Setting up game controller and game...
Dec 24, 2024 4:16:56 PM game.gameRunner.SinglePlayerRunner.SinglePlayerRunner launchSinglePlayerGame
INFO: Game initialization complete.
Dec 24, 2024 4:16:56 PM game.gameRunner.SinglePlayerRunner.SinglePlayerRunner launchSinglePlayerGame
INFO: Game window is now visible. Starting the game loop...
Dec 24, 2024 6:08:54 PM game.gameRunner.SinglePlayerRunner.SinglePlayerRunner <init>
INFO: Launching Single game.Player Pac-Man game...
Dec 24, 2024 6:08:54 PM game.gameRunner.SinglePlayerRunner.SinglePlayerRunner launchSinglePlayerGame
INFO: Initializing game frame...
Dec 24, 2024 6:08:54 PM game.gameRunner.SinglePlayerRunner.SinglePlayerRunner initializeGameFrame
INFO: Game frame initialized with size: 608x672
Dec 24, 2024 6:08:54 PM game.gameRunner.SinglePlayerRunner.SinglePlayerRunner launchSinglePlayerGame
INFO: Setting up game controller and game...
Dec 24, 2024 6:08:54 PM game.gameRunner.SinglePlayerRunner.SinglePlayerRunner launchSinglePlayerGame
INFO: Game initialization complete.
Dec 24, 2024 6:08:54 PM game.gameRunner.SinglePlayerRunner.SinglePlayerRunner launchSinglePlayerGame
INFO: Game window is now visible. Starting the game loop...
Dec 25, 2024 1:59:15 AM game.gameRunner.SinglePlayerRunner.SinglePlayerRunner <init>
INFO: Launching Single game.Player Pac-Man game...
Dec 25, 2024 1:59:16 AM game.gameRunner.SinglePlayerRunner.SinglePlayerRunner launchSinglePlayerGame
INFO: Initializing game frame...
Dec 25, 2024 1:59:16 AM game.gameRunner.SinglePlayerRunner.SinglePlayerRunner initializeGameFrame
INFO: Game frame initialized with size: 608x672
Dec 25, 2024 1:59:16 AM game.gameRunner.SinglePlayerRunner.SinglePlayerRunner launchSinglePlayerGame
INFO: Setting up game controller and game...
Dec 25, 2024 1:59:16 AM game.gameRunner.SinglePlayerRunner.SinglePlayerRunner launchSinglePlayerGame
INFO: Game initialization complete.
Dec 25, 2024 1:59:17 AM game.gameRunner.SinglePlayerRunner.SinglePlayerRunner launchSinglePlayerGame
INFO: Game window is now visible. Starting the game loop...
